 AS V1.42 Beta [Bld 269] - Source File out-6502.asm - Page 1 - 05/19/24 16:28:27


    1/   0 :                            	CPU	6502
    2/   0 :                            
    3/   0 : ="6502"                    TARGET:	EQU	"6502"
    4/   0 :                            
    5/   0 : =$1200                     ACIADR:	EQU	$1200		; Data Register
    6/   0 : =$1201                     ACIASR:	EQU	$1201		; Status Register
    7/   0 : =$1202                     ACIACM:	EQU	$1202		; Command Register
    8/   0 : =$1203                     ACIACR:	EQU	$1203		; Control Register
    9/   0 : =$1E                       ACCR_V:	EQU	$1E		; Control: 8bit, 9600bps
   10/   0 : =$B                        ACCM_V:	EQU	$0B		; Command: No-parity
   11/   0 :                            ;
   12/   0 : =$1080                     RIOT_DATA_A: EQU	$1080		
   13/   0 : =$1081                     RIOT_DDR_A:	EQU	$1081		
   14/   0 : =$1082                     RIOT_DATA_B: EQU	$1082		
   15/   0 : =$1083                     RIOT_DDR_B:	EQU	$1083	
   16/   0 :                            
   17/ 100 :                            	ORG $100
   18/ 100 :                            WK_CNT:	RMB 1	 
   19/ 101 :                            
   20/1600 :                            	ORG	$1600
   21/1600 :                            
   22/1600 :                            CSTART:
   23/1600 : A9 00                      	LDA	#0
   24/1602 : 8D 00 01                   	STA	WK_CNT
   25/1605 :                            ;
   26/1605 : 20 93 16                   	JSR WAIT
   27/1608 :                            ;
   28/1608 : 20 6D 16                   	JSR RIOT_INIT
   29/160B : 20 34 16                   	JSR INIT_ACIA
   30/160E :                            ;
   31/160E :                            ;
   32/160E : 20 7D 16                   	JSR RIOT_55_AA
   33/1611 : 20 93 16                   	JSR WAIT
   34/1614 : 20 88 16                   	JSR RIOT_AA_55
   35/1617 : 20 93 16                   	JSR WAIT
   36/161A :                            ;
   37/161A :                            .LOOP
   38/161A : AD 00 01                   	LDA WK_CNT
   39/161D : 20 53 16                   	JSR CONOUT
   40/1620 : AD 00 01                   	LDA WK_CNT
   41/1623 : 20 76 16                   	JSR RIOT_OUT
   42/1626 :                            ;
   43/1626 : EE 00 01                   	INC WK_CNT
   44/1629 : F0 06                      	BEQ QUIT
   45/162B : 20 93 16                   	JSR WAIT
   46/162E : 4C 1A 16                   	JMP .LOOP
   47/1631 :                            QUIT:
   48/1631 : 4C 00 16                   	JMP CSTART	
   49/1634 :                            
   50/1634 :                            ;
   51/1634 :                            	
   52/1634 :                            INIT_ACIA:
   53/1634 : A9 1E                      	LDA	#ACCR_V
   54/1636 : 8D 03 12                   	STA	ACIACR
   55/1639 : A9 0B                      	LDA	#ACCM_V
   56/163B : 8D 02 12                   	STA	ACIACM
   57/163E : 60                         	RTS
   58/163F :                            	
   59/163F :                            CONIN:
   60/163F : AD 01 12                   	LDA	ACIASR
 AS V1.42 Beta [Bld 269] - Source File out-6502.asm - Page 2 - 05/19/24 16:28:27


   61/1642 : 29 08                      	AND	#$08
   62/1644 : F0 F9                      	BEQ	CONIN
   63/1646 : AD 00 12                   	LDA	ACIADR
   64/1649 : 60                         	RTS
   65/164A :                            	
   66/164A :                            CONST:
   67/164A : AD 01 12                   	LDA	ACIASR
   68/164D : 29 08                      	AND	#$08
   69/164F : 4A                         	LSR	A
   70/1650 : 4A                         	LSR	A
   71/1651 : 4A                         	LSR	A
   72/1652 : 60                         	RTS
   73/1653 :                            	
   74/1653 :                            CONOUT:
   75/1653 :                            ;	PHA
   76/1653 :                            ;CO0:
   77/1653 :                            ;	LDA	ACIASR
   78/1653 :                            ;	AND	#$10
   79/1653 :                            ;	BEQ	CO0
   80/1653 :                            ;	PLA
   81/1653 : 8D 00 12                   	STA	ACIADR
   82/1656 : 20 5A 16                   	JSR     DELAY_6551
   83/1659 : 60                         	RTS
   84/165A :                            
   85/165A :                            DELAY_6551:
   86/165A : 98                         	TYA
   87/165B : 48                         	PHA
   88/165C : 8A                         	TXA
   89/165D : 48                         	PHA
   90/165E : A0 04                      DELAY_LOOP   LDY   #4    ;Get delay value (clock rate in MHz 2 clock cycles)
   91/1660 :                            ;
   92/1660 : A2 68                      MINIDLY   LDX   #$68      ;Seed X reg
   93/1662 : CA                         DELAY_1   DEX         ;Decrement low index
   94/1663 : D0 FD                        BNE   DELAY_1   ;Loop back until done
   95/1665 :                            ;
   96/1665 : 88                           DEY         ;Decrease by one
   97/1666 : D0 F8                        BNE   MINIDLY   ;Loop until done
   98/1668 : 68                         	PLA
   99/1669 : AA                         	TAX
  100/166A : 68                         	PLA
  101/166B : A8                         	TAY
  102/166C : 60                         DELAY_DONE   RTS         ;Delay done, return
  103/166D :                            
  104/166D :                            RIOT_INIT:
  105/166D : A9 FF                      	LDA	#$FF
  106/166F : 8D 81 10                   	STA	RIOT_DDR_A
  107/1672 : 8D 83 10                   	STA	RIOT_DDR_B
  108/1675 : 60                         	RTS
  109/1676 :                            
  110/1676 :                            RIOT_OUT:
  111/1676 : 8D 80 10                   	STA	RIOT_DATA_A
  112/1679 : 8D 82 10                   	STA	RIOT_DATA_B
  113/167C : 60                         	RTS
  114/167D :                            
  115/167D :                            RIOT_55_AA:
  116/167D : A9 55                      	LDA #$55
  117/167F : 8D 80 10                   	STA	RIOT_DATA_A
  118/1682 : A9 AA                      	LDA #$AA
  119/1684 : 8D 82 10                   	STA	RIOT_DATA_B
  120/1687 : 60                         	RTS
 AS V1.42 Beta [Bld 269] - Source File out-6502.asm - Page 3 - 05/19/24 16:28:27


  121/1688 :                            
  122/1688 :                            RIOT_AA_55:
  123/1688 : A9 AA                      	LDA #$AA
  124/168A : 8D 80 10                   	STA	RIOT_DATA_A
  125/168D : A9 55                      	LDA #$55
  126/168F : 8D 82 10                   	STA	RIOT_DATA_B
  127/1692 : 60                         	RTS
  128/1693 :                            ;
  129/1693 :                            ; ループで待ち
  130/1693 :                            ;
  131/1693 :                            WAIT:
  132/1693 : A0 FF                         LDY   #$FF    ;Get delay value (clock rate in MHz 2 clock cycles)
  133/1695 : A2 FF                      .LOOP1:  LDX   #$FF      ;Seed X reg
  134/1697 : CA                         .LOOP2:   DEX         ;Decrement low index
  135/1698 : D0 FD                        BNE   .LOOP2   ;Loop back until done
  136/169A :                            ;
  137/169A : 88                           DEY         ;Decrease by one
  138/169B : D0 F8                        BNE   .LOOP1   ;Loop until done
  139/169D : 60                           RTS
  140/169E :                            
  141/169E :                            TRACE:
  142/169E : 20 76 16                   	JSR RIOT_OUT
  143/16A1 : 20 93 16                   	JSR WAIT
  144/16A4 : 60                         	RTS
  145/16A5 :                            
  146/16A5 :                            BRKENT:
  147/16A5 : 40                         	RTI
  148/16A6 :                            
  149/16A6 :                            	;;
  150/16A6 :                            	;; Vector area
  151/16A6 :                            	;; 
  152/16A6 :                            
  153/1FFA :                            	ORG	$1FFA
  154/1FFA :                            
  155/1FFA : 00 00                      	FDB	$0000		; NMI
  156/1FFC : 00 16                      	FDB	CSTART		; RESET
  157/1FFE : A5 16                      	FDB	BRKENT		; IRQ/BRK
  158/2000 :                            
  159/2000 :                            	END
 AS V1.42 Beta [Bld 269] - Source File out-6502.asm - Page 4 - 05/19/24 16:28:27


  Symbol Table (* = unused):
  --------------------------

 ACCM_V :                         B - |  ACCR_V :                        1E - |
 ACIACM :                      1202 - |  ACIACR :                      1203 - |
 ACIADR :                      1200 - |  ACIASR :                      1201 - |
*ARCHITECTURE :                                      "x86_64-unknown-linux" - |
 BRKENT :                      16A5 C | *CASESENSITIVE :                  0 - |
 CONIN :                       163F C |  CONOUT :                      1653 C |
*CONST :                       164A C | *CONSTPI :        3.141592653589793 - |
 CSTART :                      1600 C |  CSTART.LOOP :                 161A C |
*DATE :                  "05/19/24" - |  DELAY_1 :                     1662 C |
 DELAY_6551 :                  165A C | *DELAY_DONE :                  166C C |
*DELAY_LOOP :                  165E C | *FALSE :                          0 - |
*HAS64 :                          1 - |  INIT_ACIA :                   1634 C |
*LISTON :                         1 - | *MACEXP :                         7 - |
 MINIDLY :                     1660 C | *MOMCPU :                      6502 - |
*MOMCPUNAME :                "6502" - | *NESTMAX :                      100 - |
 QUIT :                        1631 C | *RELAXED :                        0 - |
 RIOT_55_AA :                  167D C |  RIOT_AA_55 :                  1688 C |
 RIOT_DATA_A :                 1080 - |  RIOT_DATA_B :                 1082 - |
 RIOT_DDR_A :                  1081 - |  RIOT_DDR_B :                  1083 - |
 RIOT_INIT :                   166D C |  RIOT_OUT :                    1676 C |
*TARGET :                    "6502" - | *TIME :                  "16:28:27" - |
*TRACE :                       169E C | *TRUE :                           1 - |
*VERSION :                     142F - |  WAIT :                        1693 C |
 WAIT.LOOP1 :                  1695 C |  WAIT.LOOP2 :                  1697 C |
 WK_CNT :                       100 C |

     48 symbols
     20 unused symbols

 AS V1.42 Beta [Bld 269] - Source File out-6502.asm - Page 5 - 05/19/24 16:28:27


  Code Pages:
  ----------

STANDARD (0 changed characters)

1 code page

0.11 seconds assembly time

    161 lines source file
      2 passes
      0 errors
      0 warnings
